// Jest Snapshot v1, https://goo.gl/fbAQLP

exports[`Feature block edit matches snapshots 1`] = `
<Fragment>
  <BlockControls>
    <AlignmentToolbar
      onChange={[Function]}
      value={undefined}
    />
  </BlockControls>
  <InspectorControls>
    <PanelBody>
      <ToggleControl
        checked={undefined}
        label="Reverse Horizontally"
        onChange={[Function]}
      />
      <RangeControl
        help="The theme's content width may have an effect here."
        label="Image Size"
        max={600}
        min={100}
        onChange={[Function]}
        value={undefined}
      />
    </PanelBody>
    <PanelColorSettings
      colorSettings={
        Array [
          Object {
            "label": "Background Color",
            "onChange": [Function],
            "value": undefined,
          },
          Object {
            "label": "Text Color",
            "onChange": [Function],
            "value": undefined,
          },
        ]
      }
      initialOpen={true}
      title="Colors"
    />
    <PanelColorSettings
      colorSettings={
        Array [
          Object {
            "label": "Button Color",
            "onChange": [Function],
            "value": undefined,
          },
          Object {
            "label": "Text Color",
            "onChange": [Function],
            "value": undefined,
          },
        ]
      }
      initialOpen={false}
      title="Button Settings"
    >
      <SelectControl
        label="Size"
        onChange={[Function]}
        options={
          Array [
            Object {
              "label": "Small",
              "value": "small",
            },
            Object {
              "label": "Normal",
              "value": "normal",
            },
            Object {
              "label": "Medium",
              "value": "medium",
            },
            Object {
              "label": "Large",
              "value": "large",
            },
          ]
        }
        value={undefined}
      />
      <RangeControl
        label="Border Radius"
        max="50"
        min="1"
        onChange={[Function]}
        value={undefined}
      />
    </PanelColorSettings>
  </InspectorControls>
  <div
    className="ugb-feature"
    style={
      Object {
        "--image-size": undefined,
        "backgroundColor": undefined,
      }
    }
  >
    <div
      className="ugb-feature-wrapper"
    >
      <div>
        <RichText
          keepPlaceholderOnFocus={true}
          onChange={[Function]}
          placeholder="Feature Title"
          style={
            Object {
              "color": undefined,
            }
          }
          tagName="h2"
          value={undefined}
        />
        <RichText
          keepPlaceholderOnFocus={true}
          onChange={[Function]}
          placeholder="Some feature description for an awesome feature"
          style={
            Object {
              "color": undefined,
            }
          }
          tagName="p"
          value={undefined}
        />
        <ButtonEdit
          align={undefined}
          backgroundColor={undefined}
          borderRadius={undefined}
          color={undefined}
          onChange={[Function]}
          size={undefined}
          text={undefined}
        />
      </div>
      <div
        className="ugb-feature-image-side"
      >
        <MediaUpload
          allowedTypes={
            Array [
              "image",
            ]
          }
          onSelect={[Function]}
          render={[Function]}
          value={undefined}
        />
      </div>
    </div>
  </div>
</Fragment>
`;

exports[`Feature block save all attributes matches snapshots 1`] = `
<div
  className="ugb-feature"
  style={
    Object {
      "--image-size": undefined,
      "backgroundColor": undefined,
    }
  }
>
  <div
    className="ugb-feature-wrapper"
  >
    <div>
      <Unknown
        style={
          Object {
            "color": undefined,
          }
        }
        tagName="h2"
        value={undefined}
      />
      <Unknown
        style={
          Object {
            "color": undefined,
          }
        }
        tagName="p"
        value={undefined}
      />
      <ButtonSave
        align={undefined}
        backgroundColor={undefined}
        borderRadius={undefined}
        color={undefined}
        size={undefined}
        text={undefined}
        url={undefined}
      />
    </div>
    <div
      className="ugb-feature-image-side"
    />
  </div>
</div>
`;
