// Jest Snapshot v1, https://goo.gl/fbAQLP

exports[`Expand block edit matches snapshots 1`] = `
<Fragment>
  <div
    className={undefined}
  >
    <RichText
      className="ugb-expand-less-text"
      multiline="p"
      onChange={[Function]}
      placeholder="Some short text that can be expanded to show more details."
      value="Lorem ipsum dolor sit amet, consectetur adipiscing elit, sed do eiusmod tempor incididunt ut labore et dolore magna aliqua."
    />
    <RichText
      className="ugb-expand-more"
      formattingControls={
        Array [
          "bold",
          "italic",
          "strikethrough",
        ]
      }
      onChange={[Function]}
      placeholder="Show more"
      tagName="a"
      value="Show more"
    />
  </div>
</Fragment>
`;

exports[`Expand block save matches snapshots 1`] = `
<div>
  <div
    className="ugb-expand-less-text"
  />
  <div
    className="ugb-expand-more-text"
    style={
      Object {
        "display": "none",
      }
    }
  />
  <a
    className="ugb-expand-button"
    href="#"
  >
    <Unknown
      className="ugb-expand-more"
      tagName="span"
      value="Show more"
    />
    <Unknown
      className="ugb-expand-less"
      style={
        Object {
          "display": "none",
        }
      }
      tagName="span"
      value="Show less"
    />
  </a>
</div>
`;
