// Jest Snapshot v1, https://goo.gl/fbAQLP

exports[`Pullquote block edit matches snapshots 1`] = `
<Fragment>
  <blockquote
    className="ugb-pullquote"
    style={
      Object {
        "--quote-color": undefined,
      }
    }
  >
    <RichText
      className="ugb-pullquote-text"
      formattingControls={
        Array [
          "bold",
          "italic",
          "strikethrough",
          "link",
        ]
      }
      isSelected={false}
      keepPlaceholderOnFocus={true}
      onChange={[Function]}
      placeholder="Write quoteâ€¦"
      style={
        Object {
          "color": "#2091e1",
        }
      }
      tagName="p"
      value="It's okay to acknowledge that life can get complicated, but we musn't forget the beauty in its simplicity, too. From the multitude of stars above, to freshly mowed grass in the morning, life is simply wonderful."
    />
  </blockquote>
  <InspectorControls>
    <PanelColorSettings
      colorSettings={
        Array [
          Object {
            "label": "Text Color",
            "onChange": [Function],
            "value": "#2091e1",
          },
          Object {
            "label": "Quote Color",
            "onChange": [Function],
            "value": undefined,
          },
        ]
      }
      title="Color Settings"
    />
  </InspectorControls>
</Fragment>
`;

exports[`Pullquote block save matches snapshots 1`] = `
<blockquote
  className="ugb-pullquote"
  style={
    Object {
      "--quote-color": undefined,
    }
  }
>
  <Unknown
    style={
      Object {
        "color": "#2091e1",
      }
    }
    tagName="p"
    value="It's okay to acknowledge that life can get complicated, but we musn't forget the beauty in its simplicity, too. From the multitude of stars above, to freshly mowed grass in the morning, life is simply wonderful."
  />
</blockquote>
`;
